// Vitest Snapshot v1, https://vitest.dev/guide/snapshot.html

exports[`PmTimelineCell — PM-04 proposal-state snapshots (Phase 52 Plan 03) > Snap 1: draft (plannedHours=40, no pendingProposal) matches snapshot 1`] = `"<div class="relative"><div class="_cell_e1c43c" data-state="no-actual" data-testid="plan-vs-actual-cell" data-person="p-sara" data-project="proj-1" data-month="2026-06"><span class="_row_e1c43c"><span class="_label_e1c43c">Planerat</span><input step="0.5" class="_input_e1c43c" aria-label="Planerat" type="number" value="40.0"></span><span class="_row_e1c43c"><span class="_label_e1c43c">Utfall</span><span class="_value_e1c43c" data-testid="cell-actual">—</span></span><span class="_row_e1c43c"><span class="_label_e1c43c">Avvikelse</span><span class="_value_e1c43c" data-testid="cell-delta">—</span></span></div></div>"`;

exports[`PmTimelineCell — PM-04 proposal-state snapshots (Phase 52 Plan 03) > Snap 2: proposed (plannedHours=40, pendingProposal present) matches snapshot 1`] = `"<div class="relative"><div class="_cell_e1c43c" data-state="no-actual" data-testid="plan-vs-actual-cell" data-person="p-sara" data-project="proj-1" data-month="2026-06"><span class="_row_e1c43c"><span class="_label_e1c43c">Planerat</span><input step="0.5" class="_input_e1c43c" aria-label="Planerat" type="number" value="40.0"></span><span class="_row_e1c43c"><span class="_label_e1c43c">Utfall</span><span class="_value_e1c43c" data-testid="cell-actual">—</span></span><span class="_row_e1c43c"><span class="_label_e1c43c">Avvikelse</span><span class="_value_e1c43c" data-testid="cell-delta">—</span></span></div></div>"`;

exports[`PmTimelineCell — PM-04 proposal-state snapshots (Phase 52 Plan 03) > Snap 3: approved (plannedHours=60, pendingProposal null — approved merged) matches snapshot 1`] = `"<div class="relative"><div class="_cell_e1c43c" data-state="no-actual" data-testid="plan-vs-actual-cell" data-person="p-sara" data-project="proj-1" data-month="2026-06"><span class="_row_e1c43c"><span class="_label_e1c43c">Planerat</span><input step="0.5" class="_input_e1c43c" aria-label="Planerat" type="number" value="60.0"></span><span class="_row_e1c43c"><span class="_label_e1c43c">Utfall</span><span class="_value_e1c43c" data-testid="cell-actual">—</span></span><span class="_row_e1c43c"><span class="_label_e1c43c">Avvikelse</span><span class="_value_e1c43c" data-testid="cell-delta">—</span></span></div></div>"`;
