// Vitest Snapshot v1, https://vitest.dev/guide/snapshot.html

exports[`PmTimelineCell — PM-04 proposal-state snapshots (Phase 52 Plan 03) > Snap 1: draft (plannedHours=40, no pendingProposal) matches snapshot 1`] = `"<div class="relative"><div class="_cell_b6907e" data-state="no-actual" data-testid="plan-vs-actual-cell" data-editable="true" data-person="p-sara" data-project="proj-1" data-month="2026-06"><span class="_row_b6907e"><span class="_label_b6907e">Planerat</span><input step="0.5" class="_input_b6907e" aria-label="Planerat" type="number" value="40.0"></span><span class="_row_b6907e"><span class="_label_b6907e">Utfall</span><span class="_value_b6907e" data-testid="cell-actual">—</span></span><span class="_row_b6907e"><span class="_label_b6907e">Avvikelse</span><span class="_value_b6907e" data-testid="cell-delta">—</span></span></div></div>"`;

exports[`PmTimelineCell — PM-04 proposal-state snapshots (Phase 52 Plan 03) > Snap 2: proposed (plannedHours=40, pendingProposal present) matches snapshot 1`] = `"<div class="relative"><div class="_cell_b6907e" data-state="no-actual" data-testid="plan-vs-actual-cell" data-editable="true" data-person="p-sara" data-project="proj-1" data-month="2026-06"><span class="_row_b6907e"><span class="_label_b6907e">Planerat</span><input step="0.5" class="_input_b6907e" aria-label="Planerat" type="number" value="40.0"></span><span class="_row_b6907e"><span class="_label_b6907e">Utfall</span><span class="_value_b6907e" data-testid="cell-actual">—</span></span><span class="_row_b6907e"><span class="_label_b6907e">Avvikelse</span><span class="_value_b6907e" data-testid="cell-delta">—</span></span></div></div>"`;

exports[`PmTimelineCell — PM-04 proposal-state snapshots (Phase 52 Plan 03) > Snap 3: approved (plannedHours=60, pendingProposal null — approved merged) matches snapshot 1`] = `"<div class="relative"><div class="_cell_b6907e" data-state="no-actual" data-testid="plan-vs-actual-cell" data-editable="true" data-person="p-sara" data-project="proj-1" data-month="2026-06"><span class="_row_b6907e"><span class="_label_b6907e">Planerat</span><input step="0.5" class="_input_b6907e" aria-label="Planerat" type="number" value="60.0"></span><span class="_row_b6907e"><span class="_label_b6907e">Utfall</span><span class="_value_b6907e" data-testid="cell-actual">—</span></span><span class="_row_b6907e"><span class="_label_b6907e">Avvikelse</span><span class="_value_b6907e" data-testid="cell-delta">—</span></span></div></div>"`;
